10.0.7.1
10.0.7.2
10.0.7.3
extra.host.
10.0.7.3
10.0.9.2
10.0.9.10
10.0.9.10
